------------------------------------------------------------
Timing Analyzer Summary
------------------------------------------------------------

Type  : Slow 1200mV 85C Model Setup 'clk'
Slack : -7.181
TNS   : -1144.976

Type  : Slow 1200mV 85C Model Setup 'mClk'
Slack : -6.307
TNS   : -229.200

Type  : Slow 1200mV 85C Model Hold 'clk'
Slack : 0.430
TNS   : 0.000

Type  : Slow 1200mV 85C Model Hold 'mClk'
Slack : 0.790
TNS   : 0.000

Type  : Slow 1200mV 85C Model Minimum Pulse Width 'mClk'
Slack : -3.201
TNS   : -73.116

Type  : Slow 1200mV 85C Model Minimum Pulse Width 'clk'
Slack : -3.000
TNS   : -325.679

Type  : Slow 1200mV 0C Model Setup 'clk'
Slack : -6.575
TNS   : -1063.419

Type  : Slow 1200mV 0C Model Setup 'mClk'
Slack : -5.766
TNS   : -210.115

Type  : Slow 1200mV 0C Model Hold 'clk'
Slack : 0.381
TNS   : 0.000

Type  : Slow 1200mV 0C Model Hold 'mClk'
Slack : 0.726
TNS   : 0.000

Type  : Slow 1200mV 0C Model Minimum Pulse Width 'mClk'
Slack : -3.201
TNS   : -73.116

Type  : Slow 1200mV 0C Model Minimum Pulse Width 'clk'
Slack : -3.000
TNS   : -325.679

Type  : Fast 1200mV 0C Model Setup 'clk'
Slack : -2.355
TNS   : -361.294

Type  : Fast 1200mV 0C Model Setup 'mClk'
Slack : -1.930
TNS   : -67.705

Type  : Fast 1200mV 0C Model Hold 'clk'
Slack : 0.177
TNS   : 0.000

Type  : Fast 1200mV 0C Model Hold 'mClk'
Slack : 0.288
TNS   : 0.000

Type  : Fast 1200mV 0C Model Minimum Pulse Width 'clk'
Slack : -3.000
TNS   : -235.724

Type  : Fast 1200mV 0C Model Minimum Pulse Width 'mClk'
Slack : -3.000
TNS   : -52.035

------------------------------------------------------------
