------------------------------------------------------------
Timing Analyzer Summary
------------------------------------------------------------

Type  : Slow 1200mV 85C Model Setup 'clk'
Slack : -7.088
TNS   : -1161.544

Type  : Slow 1200mV 85C Model Setup 'mClk'
Slack : -6.813
TNS   : -226.163

Type  : Slow 1200mV 85C Model Hold 'clk'
Slack : 0.452
TNS   : 0.000

Type  : Slow 1200mV 85C Model Hold 'mClk'
Slack : 0.721
TNS   : 0.000

Type  : Slow 1200mV 85C Model Minimum Pulse Width 'mClk'
Slack : -3.201
TNS   : -73.116

Type  : Slow 1200mV 85C Model Minimum Pulse Width 'clk'
Slack : -3.000
TNS   : -325.679

Type  : Slow 1200mV 0C Model Setup 'clk'
Slack : -6.512
TNS   : -1076.777

Type  : Slow 1200mV 0C Model Setup 'mClk'
Slack : -6.242
TNS   : -207.145

Type  : Slow 1200mV 0C Model Hold 'clk'
Slack : 0.401
TNS   : 0.000

Type  : Slow 1200mV 0C Model Hold 'mClk'
Slack : 0.667
TNS   : 0.000

Type  : Slow 1200mV 0C Model Minimum Pulse Width 'mClk'
Slack : -3.201
TNS   : -73.116

Type  : Slow 1200mV 0C Model Minimum Pulse Width 'clk'
Slack : -3.000
TNS   : -325.679

Type  : Fast 1200mV 0C Model Setup 'clk'
Slack : -2.300
TNS   : -371.905

Type  : Fast 1200mV 0C Model Setup 'mClk'
Slack : -2.189
TNS   : -66.273

Type  : Fast 1200mV 0C Model Hold 'clk'
Slack : 0.186
TNS   : 0.000

Type  : Fast 1200mV 0C Model Hold 'mClk'
Slack : 0.265
TNS   : 0.000

Type  : Fast 1200mV 0C Model Minimum Pulse Width 'clk'
Slack : -3.000
TNS   : -233.977

Type  : Fast 1200mV 0C Model Minimum Pulse Width 'mClk'
Slack : -3.000
TNS   : -52.042

------------------------------------------------------------
