Analysis & Synthesis report for Processor16Bits
Thu Oct 15 00:56:10 2020
Quartus Prime Version 18.1.0 Build 625 09/12/2018 SJ Lite Edition


---------------------
; Table of Contents ;
---------------------
  1. Legal Notice
  2. Analysis & Synthesis Summary
  3. Analysis & Synthesis Settings
  4. Parallel Compilation
  5. Analysis & Synthesis Source Files Read
  6. Analysis & Synthesis Resource Usage Summary
  7. Analysis & Synthesis Resource Utilization by Entity
  8. Registers Removed During Synthesis
  9. Removed Registers Triggering Further Register Optimizations
 10. General Register Statistics
 11. Inverted Register Statistics
 12. Multiplexer Restructuring Statistics (Restructuring Performed)
 13. Port Connectivity Checks: "MCode:MicroCode"
 14. Post-Synthesis Netlist Statistics for Top Partition
 15. Elapsed Time Per Partition
 16. Analysis & Synthesis Messages



----------------
; Legal Notice ;
----------------
Copyright (C) 2018  Intel Corporation. All rights reserved.
Your use of Intel Corporation's design tools, logic functions 
and other software and tools, and its AMPP partner logic 
functions, and any output files from any of the foregoing 
(including device programming or simulation files), and any 
associated documentation or information are expressly subject 
to the terms and conditions of the Intel Program License 
Subscription Agreement, the Intel Quartus Prime License Agreement,
the Intel FPGA IP License Agreement, or other applicable license
agreement, including, without limitation, that your use is for
the sole purpose of programming logic devices manufactured by
Intel and sold by Intel or its authorized distributors.  Please
refer to the applicable agreement for further details.



+----------------------------------------------------------------------------------+
; Analysis & Synthesis Summary                                                     ;
+------------------------------------+---------------------------------------------+
; Analysis & Synthesis Status        ; Successful - Thu Oct 15 00:56:10 2020       ;
; Quartus Prime Version              ; 18.1.0 Build 625 09/12/2018 SJ Lite Edition ;
; Revision Name                      ; Processor16Bits                             ;
; Top-level Entity Name              ; cpu                                         ;
; Family                             ; Cyclone IV E                                ;
; Total logic elements               ; 118                                         ;
;     Total combinational functions  ; 85                                          ;
;     Dedicated logic registers      ; 91                                          ;
; Total registers                    ; 91                                          ;
; Total pins                         ; 73                                          ;
; Total virtual pins                 ; 0                                           ;
; Total memory bits                  ; 0                                           ;
; Embedded Multiplier 9-bit elements ; 0                                           ;
; Total PLLs                         ; 0                                           ;
+------------------------------------+---------------------------------------------+


+------------------------------------------------------------------------------------------------------------+
; Analysis & Synthesis Settings                                                                              ;
+------------------------------------------------------------------+--------------------+--------------------+
; Option                                                           ; Setting            ; Default Value      ;
+------------------------------------------------------------------+--------------------+--------------------+
; Device                                                           ; EP4CE6E22C8        ;                    ;
; Top-level entity name                                            ; cpu                ; Processor16Bits    ;
; Family name                                                      ; Cyclone IV E       ; Cyclone V          ;
; VHDL Show LMF Mapping Messages                                   ; Off                ;                    ;
; VHDL Version                                                     ; VHDL_2008          ; VHDL_1993          ;
; Use smart compilation                                            ; Off                ; Off                ;
; Enable parallel Assembler and Timing Analyzer during compilation ; On                 ; On                 ;
; Enable compact report table                                      ; Off                ; Off                ;
; Restructure Multiplexers                                         ; Auto               ; Auto               ;
; Create Debugging Nodes for IP Cores                              ; Off                ; Off                ;
; Preserve fewer node names                                        ; On                 ; On                 ;
; Intel FPGA IP Evaluation Mode                                    ; Enable             ; Enable             ;
; Verilog Version                                                  ; Verilog_2001       ; Verilog_2001       ;
; State Machine Processing                                         ; Auto               ; Auto               ;
; Safe State Machine                                               ; Off                ; Off                ;
; Extract Verilog State Machines                                   ; On                 ; On                 ;
; Extract VHDL State Machines                                      ; On                 ; On                 ;
; Ignore Verilog initial constructs                                ; Off                ; Off                ;
; Iteration limit for constant Verilog loops                       ; 5000               ; 5000               ;
; Iteration limit for non-constant Verilog loops                   ; 250                ; 250                ;
; Add Pass-Through Logic to Inferred RAMs                          ; On                 ; On                 ;
; Infer RAMs from Raw Logic                                        ; On                 ; On                 ;
; Parallel Synthesis                                               ; On                 ; On                 ;
; DSP Block Balancing                                              ; Auto               ; Auto               ;
; NOT Gate Push-Back                                               ; On                 ; On                 ;
; Power-Up Don't Care                                              ; On                 ; On                 ;
; Remove Redundant Logic Cells                                     ; Off                ; Off                ;
; Remove Duplicate Registers                                       ; On                 ; On                 ;
; Ignore CARRY Buffers                                             ; Off                ; Off                ;
; Ignore CASCADE Buffers                                           ; Off                ; Off                ;
; Ignore GLOBAL Buffers                                            ; Off                ; Off                ;
; Ignore ROW GLOBAL Buffers                                        ; Off                ; Off                ;
; Ignore LCELL Buffers                                             ; Off                ; Off                ;
; Ignore SOFT Buffers                                              ; On                 ; On                 ;
; Limit AHDL Integers to 32 Bits                                   ; Off                ; Off                ;
; Optimization Technique                                           ; Balanced           ; Balanced           ;
; Carry Chain Length                                               ; 70                 ; 70                 ;
; Auto Carry Chains                                                ; On                 ; On                 ;
; Auto Open-Drain Pins                                             ; On                 ; On                 ;
; Perform WYSIWYG Primitive Resynthesis                            ; Off                ; Off                ;
; Auto ROM Replacement                                             ; On                 ; On                 ;
; Auto RAM Replacement                                             ; On                 ; On                 ;
; Auto DSP Block Replacement                                       ; On                 ; On                 ;
; Auto Shift Register Replacement                                  ; Auto               ; Auto               ;
; Allow Shift Register Merging across Hierarchies                  ; Auto               ; Auto               ;
; Auto Clock Enable Replacement                                    ; On                 ; On                 ;
; Strict RAM Replacement                                           ; Off                ; Off                ;
; Allow Synchronous Control Signals                                ; On                 ; On                 ;
; Force Use of Synchronous Clear Signals                           ; Off                ; Off                ;
; Auto RAM Block Balancing                                         ; On                 ; On                 ;
; Auto RAM to Logic Cell Conversion                                ; Off                ; Off                ;
; Auto Resource Sharing                                            ; Off                ; Off                ;
; Allow Any RAM Size For Recognition                               ; Off                ; Off                ;
; Allow Any ROM Size For Recognition                               ; Off                ; Off                ;
; Allow Any Shift Register Size For Recognition                    ; Off                ; Off                ;
; Use LogicLock Constraints during Resource Balancing              ; On                 ; On                 ;
; Ignore translate_off and synthesis_off directives                ; Off                ; Off                ;
; Timing-Driven Synthesis                                          ; On                 ; On                 ;
; Report Parameter Settings                                        ; On                 ; On                 ;
; Report Source Assignments                                        ; On                 ; On                 ;
; Report Connectivity Checks                                       ; On                 ; On                 ;
; Ignore Maximum Fan-Out Assignments                               ; Off                ; Off                ;
; Synchronization Register Chain Length                            ; 2                  ; 2                  ;
; Power Optimization During Synthesis                              ; Normal compilation ; Normal compilation ;
; HDL message level                                                ; Level2             ; Level2             ;
; Suppress Register Optimization Related Messages                  ; Off                ; Off                ;
; Number of Removed Registers Reported in Synthesis Report         ; 5000               ; 5000               ;
; Number of Swept Nodes Reported in Synthesis Report               ; 5000               ; 5000               ;
; Number of Inverted Registers Reported in Synthesis Report        ; 100                ; 100                ;
; Clock MUX Protection                                             ; On                 ; On                 ;
; Auto Gated Clock Conversion                                      ; Off                ; Off                ;
; Block Design Naming                                              ; Auto               ; Auto               ;
; SDC constraint protection                                        ; Off                ; Off                ;
; Synthesis Effort                                                 ; Auto               ; Auto               ;
; Shift Register Replacement - Allow Asynchronous Clear Signal     ; On                 ; On                 ;
; Pre-Mapping Resynthesis Optimization                             ; Off                ; Off                ;
; Analysis & Synthesis Message Level                               ; Medium             ; Medium             ;
; Disable Register Merging Across Hierarchies                      ; Auto               ; Auto               ;
; Resource Aware Inference For Block RAM                           ; On                 ; On                 ;
+------------------------------------------------------------------+--------------------+--------------------+


+------------------------------------------+
; Parallel Compilation                     ;
+----------------------------+-------------+
; Processors                 ; Number      ;
+----------------------------+-------------+
; Number detected on machine ; 4           ;
; Maximum allowed            ; 2           ;
;                            ;             ;
; Average used               ; 1.00        ;
; Maximum used               ; 2           ;
;                            ;             ;
; Usage by Processor         ; % Time Used ;
;     Processor 1            ; 100.0%      ;
;     Processor 2            ;   0.1%      ;
+----------------------------+-------------+


+-------------------------------------------------------------------------------------------------------------------------------------------------------------------------------------------------------------------------------------------------------+
; Analysis & Synthesis Source Files Read                                                                                                                                                                                                                ;
+----------------------------------+-----------------+-----------------+----------------------------------------------------------------------------------------------------------------------------------------------------------------------+---------+
; File Name with User-Entered Path ; Used in Netlist ; File Type       ; File Name with Absolute Path                                                                                                                                         ; Library ;
+----------------------------------+-----------------+-----------------+----------------------------------------------------------------------------------------------------------------------------------------------------------------------+---------+
; CPU_Platform/MCode.vhd           ; yes             ; User VHDL File  ; C:/Users/pabri/Desktop/Electronica/16Bit computer project/Programacion del proyecto/FPGA Programming/Processor16Bits/Processor-16Bits/CPU/CPU_Platform/MCode.vhd     ;         ;
; CPU_Platform/cpu.vhd             ; yes             ; User VHDL File  ; C:/Users/pabri/Desktop/Electronica/16Bit computer project/Programacion del proyecto/FPGA Programming/Processor16Bits/Processor-16Bits/CPU/CPU_Platform/cpu.vhd       ;         ;
; CPU_Platform/Constants.vhd       ; yes             ; User VHDL File  ; C:/Users/pabri/Desktop/Electronica/16Bit computer project/Programacion del proyecto/FPGA Programming/Processor16Bits/Processor-16Bits/CPU/CPU_Platform/Constants.vhd ;         ;
; CPU_Platform/ALU.vhd             ; yes             ; User VHDL File  ; C:/Users/pabri/Desktop/Electronica/16Bit computer project/Programacion del proyecto/FPGA Programming/Processor16Bits/Processor-16Bits/CPU/CPU_Platform/ALU.vhd       ;         ;
+----------------------------------+-----------------+-----------------+----------------------------------------------------------------------------------------------------------------------------------------------------------------------+---------+


+---------------------------------------------------------+
; Analysis & Synthesis Resource Usage Summary             ;
+---------------------------------------------+-----------+
; Resource                                    ; Usage     ;
+---------------------------------------------+-----------+
; Estimated Total logic elements              ; 118       ;
;                                             ;           ;
; Total combinational functions               ; 85        ;
; Logic element usage by number of LUT inputs ;           ;
;     -- 4 input functions                    ; 24        ;
;     -- 3 input functions                    ; 16        ;
;     -- <=2 input functions                  ; 45        ;
;                                             ;           ;
; Logic elements by mode                      ;           ;
;     -- normal mode                          ; 55        ;
;     -- arithmetic mode                      ; 30        ;
;                                             ;           ;
; Total registers                             ; 91        ;
;     -- Dedicated logic registers            ; 91        ;
;     -- I/O registers                        ; 0         ;
;                                             ;           ;
; I/O pins                                    ; 73        ;
;                                             ;           ;
; Embedded Multiplier 9-bit elements          ; 0         ;
;                                             ;           ;
; Maximum fan-out node                        ; rst~input ;
; Maximum fan-out                             ; 91        ;
; Total fan-out                               ; 707       ;
; Average fan-out                             ; 2.09      ;
+---------------------------------------------+-----------+


+-----------------------------------------------------------------------------------------------------------------------------------------------------------------------------------------------------------+
; Analysis & Synthesis Resource Utilization by Entity                                                                                                                                                       ;
+----------------------------+---------------------+---------------------------+-------------+--------------+---------+-----------+------+--------------+----------------------+-------------+--------------+
; Compilation Hierarchy Node ; Combinational ALUTs ; Dedicated Logic Registers ; Memory Bits ; DSP Elements ; DSP 9x9 ; DSP 18x18 ; Pins ; Virtual Pins ; Full Hierarchy Name  ; Entity Name ; Library Name ;
+----------------------------+---------------------+---------------------------+-------------+--------------+---------+-----------+------+--------------+----------------------+-------------+--------------+
; |cpu                       ; 85 (79)             ; 91 (88)                   ; 0           ; 0            ; 0       ; 0         ; 73   ; 0            ; |cpu                 ; cpu         ; work         ;
;    |MCode:MicroCode|       ; 6 (6)               ; 3 (3)                     ; 0           ; 0            ; 0       ; 0         ; 0    ; 0            ; |cpu|MCode:MicroCode ; MCode       ; work         ;
+----------------------------+---------------------+---------------------------+-------------+--------------+---------+-----------+------+--------------+----------------------+-------------+--------------+
Note: For table entries with two numbers listed, the numbers in parentheses indicate the number of resources of the given type used by the specific entity alone. The numbers listed outside of parentheses indicate the total resources of the given type used by the specific entity and all of its sub-entities in the hierarchy.


+----------------------------------------------------------------------------------+
; Registers Removed During Synthesis                                               ;
+-----------------------------------------+----------------------------------------+
; Register name                           ; Reason for Removal                     ;
+-----------------------------------------+----------------------------------------+
; MCode:MicroCode|LIF                     ; Stuck at GND due to stuck port data_in ;
; MCode:MicroCode|LMRC[1]                 ; Stuck at VCC due to stuck port data_in ;
; MCode:MicroCode|PCd_in                  ; Stuck at GND due to stuck port data_in ;
; MCode:MicroCode|PCa_in                  ; Stuck at GND due to stuck port data_in ;
; MCode:MicroCode|FR_in                   ; Stuck at GND due to stuck port data_in ;
; MCode:MicroCode|FlagOp[0..3]            ; Stuck at GND due to stuck port data_in ;
; MCode:MicroCode|Set_D[0..4]             ; Stuck at GND due to stuck port data_in ;
; MCode:MicroCode|Set_A[0..3]             ; Stuck at GND due to stuck port data_in ;
; MCode:MicroCode|Set_S[0..2]             ; Stuck at GND due to stuck port data_in ;
; MCode:MicroCode|Ad_in                   ; Stuck at GND due to stuck port data_in ;
; MCode:MicroCode|Aa_in                   ; Stuck at GND due to stuck port data_in ;
; MCode:MicroCode|Bd_in                   ; Stuck at GND due to stuck port data_in ;
; MCode:MicroCode|Ba_in                   ; Stuck at GND due to stuck port data_in ;
; MCode:MicroCode|Bs_in                   ; Stuck at GND due to stuck port data_in ;
; MCode:MicroCode|X_in                    ; Stuck at GND due to stuck port data_in ;
; MCode:MicroCode|XH_in                   ; Stuck at GND due to stuck port data_in ;
; MCode:MicroCode|XL_in                   ; Stuck at GND due to stuck port data_in ;
; MCode:MicroCode|Y_in                    ; Stuck at GND due to stuck port data_in ;
; MCode:MicroCode|YH_in                   ; Stuck at GND due to stuck port data_in ;
; MCode:MicroCode|YL_in                   ; Stuck at GND due to stuck port data_in ;
; MCode:MicroCode|Z_in                    ; Stuck at GND due to stuck port data_in ;
; MCode:MicroCode|ZH_in                   ; Stuck at GND due to stuck port data_in ;
; MCode:MicroCode|ZL_in                   ; Stuck at GND due to stuck port data_in ;
; MCode:MicroCode|SPd_in                  ; Stuck at GND due to stuck port data_in ;
; MCode:MicroCode|SPa_in                  ; Stuck at GND due to stuck port data_in ;
; MCode:MicroCode|SP_inc                  ; Stuck at GND due to stuck port data_in ;
; MCode:MicroCode|SP_dec                  ; Stuck at GND due to stuck port data_in ;
; MCode:MicroCode|BPd_in                  ; Stuck at GND due to stuck port data_in ;
; MCode:MicroCode|BPa_in                  ; Stuck at GND due to stuck port data_in ;
; MCode:MicroCode|BP_inc                  ; Stuck at GND due to stuck port data_in ;
; MCode:MicroCode|BP_dec                  ; Stuck at GND due to stuck port data_in ;
; MCode:MicroCode|SId_in                  ; Stuck at GND due to stuck port data_in ;
; MCode:MicroCode|SIa_in                  ; Stuck at GND due to stuck port data_in ;
; MCode:MicroCode|DId_in                  ; Stuck at GND due to stuck port data_in ;
; MCode:MicroCode|DIa_in                  ; Stuck at GND due to stuck port data_in ;
; MCode:MicroCode|CSd_in                  ; Stuck at GND due to stuck port data_in ;
; MCode:MicroCode|CSa_in                  ; Stuck at GND due to stuck port data_in ;
; MCode:MicroCode|DSd_in                  ; Stuck at GND due to stuck port data_in ;
; MCode:MicroCode|DSa_in                  ; Stuck at GND due to stuck port data_in ;
; MCode:MicroCode|ESd_in                  ; Stuck at GND due to stuck port data_in ;
; MCode:MicroCode|ESa_in                  ; Stuck at GND due to stuck port data_in ;
; MCode:MicroCode|FSd_in                  ; Stuck at GND due to stuck port data_in ;
; MCode:MicroCode|FSa_in                  ; Stuck at GND due to stuck port data_in ;
; MCode:MicroCode|GSd_in                  ; Stuck at GND due to stuck port data_in ;
; MCode:MicroCode|GSa_in                  ; Stuck at GND due to stuck port data_in ;
; MCode:MicroCode|SSd_in                  ; Stuck at GND due to stuck port data_in ;
; MCode:MicroCode|SSa_in                  ; Stuck at GND due to stuck port data_in ;
; MCode:MicroCode|DE                      ; Stuck at GND due to stuck port data_in ;
; MCode:MicroCode|AE                      ; Stuck at GND due to stuck port data_in ;
; MCode:MicroCode|Write                   ; Stuck at GND due to stuck port data_in ;
; MCode:MicroCode|HPIA_in                 ; Stuck at GND due to stuck port data_in ;
; MCode:MicroCode|MPIA_in                 ; Stuck at GND due to stuck port data_in ;
; MCode:MicroCode|LPIA_in                 ; Stuck at GND due to stuck port data_in ;
; IR[8..15]                               ; Lost fanout                            ;
; SP[0..31]                               ; Lost fanout                            ;
; BP[0..31]                               ; Lost fanout                            ;
; SI[0..31]                               ; Lost fanout                            ;
; DI[0..31]                               ; Lost fanout                            ;
; HPIA[0..31]                             ; Lost fanout                            ;
; MPIA[0..31]                             ; Lost fanout                            ;
; LPIA[0..31]                             ; Lost fanout                            ;
; CS[0..31]                               ; Lost fanout                            ;
; DS[0..31]                               ; Lost fanout                            ;
; ES[0..31]                               ; Lost fanout                            ;
; FS[0..31]                               ; Lost fanout                            ;
; GS[0..31]                               ; Lost fanout                            ;
; SS[0..31]                               ; Lost fanout                            ;
; EIR[0..31]                              ; Lost fanout                            ;
; AB[1..63]                               ; Lost fanout                            ;
; FR[0..8,10..15]                         ; Lost fanout                            ;
; X[0..15]                                ; Lost fanout                            ;
; Y[0..15]                                ; Lost fanout                            ;
; Z[0..15]                                ; Lost fanout                            ;
; AB[0]                                   ; Lost fanout                            ;
; MCode:MicroCode|LMRC[2,3]               ; Merged with MCode:MicroCode|LMRC[0]    ;
; MCode:MicroCode|LIC[1]                  ; Merged with MCode:MicroCode|LIC[0]     ;
; data_out[1..15]                         ; Merged with data_out[0]                ;
; FR[9]                                   ; Stuck at VCC due to stuck port data_in ;
; data_out[0]                             ; Stuck at GND due to stuck port data_in ;
; Total Number of Removed Registers = 668 ;                                        ;
+-----------------------------------------+----------------------------------------+


+----------------------------------------------------------------------------------------------------------------------------------------------------------------------+
; Removed Registers Triggering Further Register Optimizations                                                                                                          ;
+--------------------------+---------------------------+---------------------------------------------------------------------------------------------------------------+
; Register name            ; Reason for Removal        ; Registers Removed due to This Register                                                                        ;
+--------------------------+---------------------------+---------------------------------------------------------------------------------------------------------------+
; MCode:MicroCode|Set_S[2] ; Stuck at GND              ; CS[31], CS[30], CS[29], CS[28], CS[27], CS[26], CS[25], CS[24], CS[23], CS[22], CS[21], CS[20], CS[19],       ;
;                          ; due to stuck port data_in ; CS[18], CS[17], CS[16], CS[15], CS[14], CS[13], CS[12], CS[11], CS[10], CS[9], CS[8], CS[7], CS[6], CS[5],    ;
;                          ;                           ; CS[4], CS[3], CS[2], CS[1], CS[0], DS[31], DS[30], DS[29], DS[28], DS[27], DS[26], DS[25], DS[24], DS[23],    ;
;                          ;                           ; DS[22], DS[21], DS[20], DS[19], DS[18], DS[17], DS[16], DS[15], DS[14], DS[13], DS[12], DS[11], DS[10],       ;
;                          ;                           ; DS[9], DS[8], DS[7], DS[6], DS[5], DS[4], DS[3], DS[2], DS[1], DS[0], ES[31], ES[30], ES[29], ES[28], ES[27], ;
;                          ;                           ; ES[26], ES[25], ES[24], ES[23], ES[22], ES[21], ES[20], ES[19], ES[18], ES[17], ES[16], ES[15], ES[14],       ;
;                          ;                           ; ES[13], ES[12], ES[11], ES[10], ES[9], ES[8], ES[7], ES[6], ES[5], ES[4], ES[3], ES[2], ES[1], ES[0], FS[31], ;
;                          ;                           ; FS[30], FS[29], FS[28], FS[27], FS[26], FS[25], FS[24], FS[23], FS[22], FS[21], FS[20], FS[19], FS[18],       ;
;                          ;                           ; FS[17], FS[16], FS[15], FS[14], FS[13], FS[12], FS[11], FS[10], FS[9], FS[8], FS[7], FS[6], FS[5], FS[4],     ;
;                          ;                           ; FS[3], FS[2], FS[1], FS[0], GS[31], GS[30], GS[29], GS[28], GS[27], GS[26], GS[25], GS[24], GS[23], GS[22],   ;
;                          ;                           ; GS[21], GS[20], GS[19], GS[18], GS[17], GS[16], GS[15], GS[14], GS[13], GS[12], GS[11], GS[10], GS[9],        ;
;                          ;                           ; GS[8], GS[7], GS[6], GS[5], GS[4], GS[3], GS[2], GS[1], GS[0], SS[31], SS[30], SS[29], SS[28], SS[27],        ;
;                          ;                           ; SS[26], SS[25], SS[24], SS[23], SS[22], SS[21], SS[20], SS[19], SS[18], SS[17], SS[16], SS[15], SS[14],       ;
;                          ;                           ; SS[13], SS[12], SS[11], SS[10], SS[9], SS[8], SS[7], SS[6], SS[5], SS[4], SS[3], SS[2], SS[1], SS[0]          ;
; MCode:MicroCode|LMRC[1]  ; Stuck at VCC              ; HPIA[31], HPIA[30], HPIA[29], HPIA[28], HPIA[27], HPIA[26], HPIA[25], HPIA[24], HPIA[23], HPIA[22],           ;
;                          ; due to stuck port data_in ; HPIA[21], HPIA[20], HPIA[19], HPIA[18], HPIA[17], HPIA[16], HPIA[15], HPIA[14], HPIA[13], HPIA[12],           ;
;                          ;                           ; HPIA[11], HPIA[10], HPIA[9], HPIA[8], HPIA[7], HPIA[6], HPIA[5], HPIA[4], HPIA[3], HPIA[2], HPIA[1],          ;
;                          ;                           ; HPIA[0], MPIA[31], MPIA[30], MPIA[29], MPIA[28], MPIA[27], MPIA[26], MPIA[25], MPIA[24], MPIA[23],            ;
;                          ;                           ; MPIA[22], MPIA[21], MPIA[20], MPIA[19], MPIA[18], MPIA[17], MPIA[16], MPIA[15], MPIA[14], MPIA[13],           ;
;                          ;                           ; MPIA[12], MPIA[11], MPIA[10], MPIA[9], MPIA[8], MPIA[7], MPIA[6], MPIA[5], MPIA[4], MPIA[3], MPIA[2],         ;
;                          ;                           ; MPIA[1], MPIA[0], LPIA[31], LPIA[30], LPIA[29], LPIA[28], LPIA[27], LPIA[26], LPIA[25], LPIA[24],             ;
;                          ;                           ; LPIA[23], LPIA[22], LPIA[21], LPIA[20], LPIA[19], LPIA[18], LPIA[17], LPIA[16], LPIA[15], LPIA[14],           ;
;                          ;                           ; LPIA[13], LPIA[12], LPIA[11], LPIA[10], LPIA[9], LPIA[8], LPIA[7], LPIA[6], LPIA[5], LPIA[4],                 ;
;                          ;                           ; LPIA[3], LPIA[2], LPIA[1], LPIA[0]                                                                            ;
; MCode:MicroCode|PCd_in   ; Stuck at GND              ; AB[63], AB[62], AB[61], AB[60], AB[59], AB[58], AB[57], AB[56], AB[55], AB[54], AB[53], AB[52], AB[51],       ;
;                          ; due to stuck port data_in ; AB[50], AB[49], AB[48], AB[47], AB[46], AB[45], AB[44], AB[43], AB[42], AB[41], AB[40], AB[39], AB[38],       ;
;                          ;                           ; AB[37], AB[36], AB[35], AB[34], AB[33], AB[32], AB[31], AB[30], AB[29], AB[28], AB[27], AB[26], AB[25],       ;
;                          ;                           ; AB[24], AB[23], AB[22], AB[21], AB[20], AB[19], AB[18], AB[17], AB[16], AB[15], AB[14], AB[13], AB[12],       ;
;                          ;                           ; AB[11], AB[10], AB[9], AB[8], AB[7], AB[6], AB[5], AB[4], AB[3], AB[2], AB[1], X[15], X[14], X[13], X[12],    ;
;                          ;                           ; X[11], X[10], X[9], X[8], X[7], X[6], X[5], X[4], X[3], X[2], X[1], X[0], AB[0]                               ;
; MCode:MicroCode|FR_in    ; Stuck at GND              ; FR[9]                                                                                                         ;
;                          ; due to stuck port data_in ;                                                                                                               ;
; MCode:MicroCode|Set_D[4] ; Stuck at GND              ; data_out[0]                                                                                                   ;
;                          ; due to stuck port data_in ;                                                                                                               ;
+--------------------------+---------------------------+---------------------------------------------------------------------------------------------------------------+


+------------------------------------------------------+
; General Register Statistics                          ;
+----------------------------------------------+-------+
; Statistic                                    ; Value ;
+----------------------------------------------+-------+
; Total registers                              ; 91    ;
; Number of registers using Synchronous Clear  ; 0     ;
; Number of registers using Synchronous Load   ; 0     ;
; Number of registers using Asynchronous Clear ; 88    ;
; Number of registers using Asynchronous Load  ; 0     ;
; Number of registers using Clock Enable       ; 84    ;
; Number of registers using Preset             ; 0     ;
+----------------------------------------------+-------+


+--------------------------------------------------+
; Inverted Register Statistics                     ;
+----------------------------------------+---------+
; Inverted Register                      ; Fan out ;
+----------------------------------------+---------+
; RstComplete                            ; 7       ;
; MPIO                                   ; 2       ;
; HPIO                                   ; 3       ;
; LPIO                                   ; 2       ;
; Total number of inverted registers = 4 ;         ;
+----------------------------------------+---------+


+------------------------------------------------------------------------------------------------------------------------------------------+
; Multiplexer Restructuring Statistics (Restructuring Performed)                                                                           ;
+--------------------+-----------+---------------+----------------------+------------------------+------------+----------------------------+
; Multiplexer Inputs ; Bus Width ; Baseline Area ; Area if Restructured ; Saving if Restructured ; Registered ; Example Multiplexer Output ;
+--------------------+-----------+---------------+----------------------+------------------------+------------+----------------------------+
; 4:1                ; 2 bits    ; 4 LEs         ; 2 LEs                ; 2 LEs                  ; Yes        ; |cpu|IC[1]                 ;
; 5:1                ; 2 bits    ; 6 LEs         ; 4 LEs                ; 2 LEs                  ; Yes        ; |cpu|AIE[1]                ;
+--------------------+-----------+---------------+----------------------+------------------------+------------+----------------------------+


+-----------------------------------------------------------------------------------------------------------------+
; Port Connectivity Checks: "MCode:MicroCode"                                                                     ;
+-------+--------+----------+-------------------------------------------------------------------------------------+
; Port  ; Type   ; Severity ; Details                                                                             ;
+-------+--------+----------+-------------------------------------------------------------------------------------+
; ir_in ; Output ; Info     ; Connected to dangling logic. Logic that only feeds a dangling port will be removed. ;
; halt  ; Output ; Info     ; Connected to dangling logic. Logic that only feeds a dangling port will be removed. ;
+-------+--------+----------+-------------------------------------------------------------------------------------+


+-----------------------------------------------------+
; Post-Synthesis Netlist Statistics for Top Partition ;
+-----------------------+-----------------------------+
; Type                  ; Count                       ;
+-----------------------+-----------------------------+
; boundary_port         ; 73                          ;
; cycloneiii_ff         ; 91                          ;
;     CLR               ; 7                           ;
;     ENA               ; 3                           ;
;     ENA CLR           ; 81                          ;
; cycloneiii_io_obuf    ; 32                          ;
; cycloneiii_lcell_comb ; 86                          ;
;     arith             ; 30                          ;
;         2 data inputs ; 29                          ;
;         3 data inputs ; 1                           ;
;     normal            ; 56                          ;
;         0 data inputs ; 1                           ;
;         1 data inputs ; 2                           ;
;         2 data inputs ; 14                          ;
;         3 data inputs ; 15                          ;
;         4 data inputs ; 24                          ;
;                       ;                             ;
; Max LUT depth         ; 4.00                        ;
; Average LUT depth     ; 2.06                        ;
+-----------------------+-----------------------------+


+-------------------------------+
; Elapsed Time Per Partition    ;
+----------------+--------------+
; Partition Name ; Elapsed Time ;
+----------------+--------------+
; Top            ; 00:00:03     ;
+----------------+--------------+


+-------------------------------+
; Analysis & Synthesis Messages ;
+-------------------------------+
Info: *******************************************************************
Info: Running Quartus Prime Analysis & Synthesis
    Info: Version 18.1.0 Build 625 09/12/2018 SJ Lite Edition
    Info: Processing started: Thu Oct 15 00:55:46 2020
Info: Command: quartus_map --read_settings_files=on --write_settings_files=off Processor16Bits -c Processor16Bits
Warning (18236): Number of processors has not been specified which may cause overloading on shared machines.  Set the global assignment NUM_PARALLEL_PROCESSORS in your QSF to an appropriate value for best performance.
Info (20030): Parallel compilation is enabled and will use 2 of the 2 processors detected
Info (12021): Found 2 design units, including 1 entities, in source file cpu_platform/mcode.vhd
    Info (12022): Found design unit 1: MCode-Behavioral File: C:/Users/pabri/Desktop/Electronica/16Bit computer project/Programacion del proyecto/FPGA Programming/Processor16Bits/Processor-16Bits/CPU/CPU_Platform/MCode.vhd Line: 121
    Info (12023): Found entity 1: MCode File: C:/Users/pabri/Desktop/Electronica/16Bit computer project/Programacion del proyecto/FPGA Programming/Processor16Bits/Processor-16Bits/CPU/CPU_Platform/MCode.vhd Line: 21
Info (12021): Found 2 design units, including 1 entities, in source file cpu_platform/cpu.vhd
    Info (12022): Found design unit 1: cpu-Behavioral File: C:/Users/pabri/Desktop/Electronica/16Bit computer project/Programacion del proyecto/FPGA Programming/Processor16Bits/Processor-16Bits/CPU/CPU_Platform/cpu.vhd Line: 129
    Info (12023): Found entity 1: cpu File: C:/Users/pabri/Desktop/Electronica/16Bit computer project/Programacion del proyecto/FPGA Programming/Processor16Bits/Processor-16Bits/CPU/CPU_Platform/cpu.vhd Line: 77
Info (12021): Found 1 design units, including 0 entities, in source file cpu_platform/constants.vhd
    Info (12022): Found design unit 1: Constants File: C:/Users/pabri/Desktop/Electronica/16Bit computer project/Programacion del proyecto/FPGA Programming/Processor16Bits/Processor-16Bits/CPU/CPU_Platform/Constants.vhd Line: 18
Info (12021): Found 2 design units, including 1 entities, in source file cpu_platform/alu.vhd
    Info (12022): Found design unit 1: ALU-Behavioral File: C:/Users/pabri/Desktop/Electronica/16Bit computer project/Programacion del proyecto/FPGA Programming/Processor16Bits/Processor-16Bits/CPU/CPU_Platform/ALU.vhd Line: 68
    Info (12023): Found entity 1: ALU File: C:/Users/pabri/Desktop/Electronica/16Bit computer project/Programacion del proyecto/FPGA Programming/Processor16Bits/Processor-16Bits/CPU/CPU_Platform/ALU.vhd Line: 55
Info (12021): Found 2 design units, including 1 entities, in source file processor16bits.vhd
    Info (12022): Found design unit 1: Processor16Bits-Behavioral File: C:/Users/pabri/Desktop/Electronica/16Bit computer project/Programacion del proyecto/FPGA Programming/Processor16Bits/Processor-16Bits/CPU/Processor16Bits.vhd Line: 13
    Info (12023): Found entity 1: Processor16Bits File: C:/Users/pabri/Desktop/Electronica/16Bit computer project/Programacion del proyecto/FPGA Programming/Processor16Bits/Processor-16Bits/CPU/Processor16Bits.vhd Line: 6
Info (12127): Elaborating entity "cpu" for the top level hierarchy
Warning (10036): Verilog HDL or VHDL warning at cpu.vhd(322): object "Halt" assigned a value but never read File: C:/Users/pabri/Desktop/Electronica/16Bit computer project/Programacion del proyecto/FPGA Programming/Processor16Bits/Processor-16Bits/CPU/CPU_Platform/cpu.vhd Line: 322
Warning (10036): Verilog HDL or VHDL warning at cpu.vhd(371): object "IR_in" assigned a value but never read File: C:/Users/pabri/Desktop/Electronica/16Bit computer project/Programacion del proyecto/FPGA Programming/Processor16Bits/Processor-16Bits/CPU/CPU_Platform/cpu.vhd Line: 371
Warning (10541): VHDL Signal Declaration warning at cpu.vhd(414): used implicit default value for signal "EA_in" because signal was never assigned a value or an explicit default value. Use of implicit default value may introduce unintended design optimizations. File: C:/Users/pabri/Desktop/Electronica/16Bit computer project/Programacion del proyecto/FPGA Programming/Processor16Bits/Processor-16Bits/CPU/CPU_Platform/cpu.vhd Line: 414
Warning (10541): VHDL Signal Declaration warning at cpu.vhd(417): used implicit default value for signal "EB_in" because signal was never assigned a value or an explicit default value. Use of implicit default value may introduce unintended design optimizations. File: C:/Users/pabri/Desktop/Electronica/16Bit computer project/Programacion del proyecto/FPGA Programming/Processor16Bits/Processor-16Bits/CPU/CPU_Platform/cpu.vhd Line: 417
Warning (10631): VHDL Process Statement warning at cpu.vhd(910): inferring latch(es) for signal or variable "EAB", which holds its previous value in one or more paths through the process File: C:/Users/pabri/Desktop/Electronica/16Bit computer project/Programacion del proyecto/FPGA Programming/Processor16Bits/Processor-16Bits/CPU/CPU_Platform/cpu.vhd Line: 910
Info (10041): Inferred latch for "EAB[0]" at cpu.vhd(910) File: C:/Users/pabri/Desktop/Electronica/16Bit computer project/Programacion del proyecto/FPGA Programming/Processor16Bits/Processor-16Bits/CPU/CPU_Platform/cpu.vhd Line: 910
Info (10041): Inferred latch for "EAB[1]" at cpu.vhd(910) File: C:/Users/pabri/Desktop/Electronica/16Bit computer project/Programacion del proyecto/FPGA Programming/Processor16Bits/Processor-16Bits/CPU/CPU_Platform/cpu.vhd Line: 910
Info (10041): Inferred latch for "EAB[2]" at cpu.vhd(910) File: C:/Users/pabri/Desktop/Electronica/16Bit computer project/Programacion del proyecto/FPGA Programming/Processor16Bits/Processor-16Bits/CPU/CPU_Platform/cpu.vhd Line: 910
Info (10041): Inferred latch for "EAB[3]" at cpu.vhd(910) File: C:/Users/pabri/Desktop/Electronica/16Bit computer project/Programacion del proyecto/FPGA Programming/Processor16Bits/Processor-16Bits/CPU/CPU_Platform/cpu.vhd Line: 910
Info (10041): Inferred latch for "EAB[4]" at cpu.vhd(910) File: C:/Users/pabri/Desktop/Electronica/16Bit computer project/Programacion del proyecto/FPGA Programming/Processor16Bits/Processor-16Bits/CPU/CPU_Platform/cpu.vhd Line: 910
Info (10041): Inferred latch for "EAB[5]" at cpu.vhd(910) File: C:/Users/pabri/Desktop/Electronica/16Bit computer project/Programacion del proyecto/FPGA Programming/Processor16Bits/Processor-16Bits/CPU/CPU_Platform/cpu.vhd Line: 910
Info (10041): Inferred latch for "EAB[6]" at cpu.vhd(910) File: C:/Users/pabri/Desktop/Electronica/16Bit computer project/Programacion del proyecto/FPGA Programming/Processor16Bits/Processor-16Bits/CPU/CPU_Platform/cpu.vhd Line: 910
Info (10041): Inferred latch for "EAB[7]" at cpu.vhd(910) File: C:/Users/pabri/Desktop/Electronica/16Bit computer project/Programacion del proyecto/FPGA Programming/Processor16Bits/Processor-16Bits/CPU/CPU_Platform/cpu.vhd Line: 910
Info (10041): Inferred latch for "EAB[8]" at cpu.vhd(910) File: C:/Users/pabri/Desktop/Electronica/16Bit computer project/Programacion del proyecto/FPGA Programming/Processor16Bits/Processor-16Bits/CPU/CPU_Platform/cpu.vhd Line: 910
Info (10041): Inferred latch for "EAB[9]" at cpu.vhd(910) File: C:/Users/pabri/Desktop/Electronica/16Bit computer project/Programacion del proyecto/FPGA Programming/Processor16Bits/Processor-16Bits/CPU/CPU_Platform/cpu.vhd Line: 910
Info (10041): Inferred latch for "EAB[10]" at cpu.vhd(910) File: C:/Users/pabri/Desktop/Electronica/16Bit computer project/Programacion del proyecto/FPGA Programming/Processor16Bits/Processor-16Bits/CPU/CPU_Platform/cpu.vhd Line: 910
Info (10041): Inferred latch for "EAB[11]" at cpu.vhd(910) File: C:/Users/pabri/Desktop/Electronica/16Bit computer project/Programacion del proyecto/FPGA Programming/Processor16Bits/Processor-16Bits/CPU/CPU_Platform/cpu.vhd Line: 910
Info (10041): Inferred latch for "EAB[12]" at cpu.vhd(910) File: C:/Users/pabri/Desktop/Electronica/16Bit computer project/Programacion del proyecto/FPGA Programming/Processor16Bits/Processor-16Bits/CPU/CPU_Platform/cpu.vhd Line: 910
Info (10041): Inferred latch for "EAB[13]" at cpu.vhd(910) File: C:/Users/pabri/Desktop/Electronica/16Bit computer project/Programacion del proyecto/FPGA Programming/Processor16Bits/Processor-16Bits/CPU/CPU_Platform/cpu.vhd Line: 910
Info (10041): Inferred latch for "EAB[14]" at cpu.vhd(910) File: C:/Users/pabri/Desktop/Electronica/16Bit computer project/Programacion del proyecto/FPGA Programming/Processor16Bits/Processor-16Bits/CPU/CPU_Platform/cpu.vhd Line: 910
Info (10041): Inferred latch for "EAB[15]" at cpu.vhd(910) File: C:/Users/pabri/Desktop/Electronica/16Bit computer project/Programacion del proyecto/FPGA Programming/Processor16Bits/Processor-16Bits/CPU/CPU_Platform/cpu.vhd Line: 910
Info (10041): Inferred latch for "EAB[16]" at cpu.vhd(910) File: C:/Users/pabri/Desktop/Electronica/16Bit computer project/Programacion del proyecto/FPGA Programming/Processor16Bits/Processor-16Bits/CPU/CPU_Platform/cpu.vhd Line: 910
Info (10041): Inferred latch for "EAB[17]" at cpu.vhd(910) File: C:/Users/pabri/Desktop/Electronica/16Bit computer project/Programacion del proyecto/FPGA Programming/Processor16Bits/Processor-16Bits/CPU/CPU_Platform/cpu.vhd Line: 910
Info (10041): Inferred latch for "EAB[18]" at cpu.vhd(910) File: C:/Users/pabri/Desktop/Electronica/16Bit computer project/Programacion del proyecto/FPGA Programming/Processor16Bits/Processor-16Bits/CPU/CPU_Platform/cpu.vhd Line: 910
Info (10041): Inferred latch for "EAB[19]" at cpu.vhd(910) File: C:/Users/pabri/Desktop/Electronica/16Bit computer project/Programacion del proyecto/FPGA Programming/Processor16Bits/Processor-16Bits/CPU/CPU_Platform/cpu.vhd Line: 910
Info (10041): Inferred latch for "EAB[20]" at cpu.vhd(910) File: C:/Users/pabri/Desktop/Electronica/16Bit computer project/Programacion del proyecto/FPGA Programming/Processor16Bits/Processor-16Bits/CPU/CPU_Platform/cpu.vhd Line: 910
Info (10041): Inferred latch for "EAB[21]" at cpu.vhd(910) File: C:/Users/pabri/Desktop/Electronica/16Bit computer project/Programacion del proyecto/FPGA Programming/Processor16Bits/Processor-16Bits/CPU/CPU_Platform/cpu.vhd Line: 910
Info (10041): Inferred latch for "EAB[22]" at cpu.vhd(910) File: C:/Users/pabri/Desktop/Electronica/16Bit computer project/Programacion del proyecto/FPGA Programming/Processor16Bits/Processor-16Bits/CPU/CPU_Platform/cpu.vhd Line: 910
Info (10041): Inferred latch for "EAB[23]" at cpu.vhd(910) File: C:/Users/pabri/Desktop/Electronica/16Bit computer project/Programacion del proyecto/FPGA Programming/Processor16Bits/Processor-16Bits/CPU/CPU_Platform/cpu.vhd Line: 910
Info (10041): Inferred latch for "EAB[24]" at cpu.vhd(910) File: C:/Users/pabri/Desktop/Electronica/16Bit computer project/Programacion del proyecto/FPGA Programming/Processor16Bits/Processor-16Bits/CPU/CPU_Platform/cpu.vhd Line: 910
Info (10041): Inferred latch for "EAB[25]" at cpu.vhd(910) File: C:/Users/pabri/Desktop/Electronica/16Bit computer project/Programacion del proyecto/FPGA Programming/Processor16Bits/Processor-16Bits/CPU/CPU_Platform/cpu.vhd Line: 910
Info (10041): Inferred latch for "EAB[26]" at cpu.vhd(910) File: C:/Users/pabri/Desktop/Electronica/16Bit computer project/Programacion del proyecto/FPGA Programming/Processor16Bits/Processor-16Bits/CPU/CPU_Platform/cpu.vhd Line: 910
Info (10041): Inferred latch for "EAB[27]" at cpu.vhd(910) File: C:/Users/pabri/Desktop/Electronica/16Bit computer project/Programacion del proyecto/FPGA Programming/Processor16Bits/Processor-16Bits/CPU/CPU_Platform/cpu.vhd Line: 910
Info (10041): Inferred latch for "EAB[28]" at cpu.vhd(910) File: C:/Users/pabri/Desktop/Electronica/16Bit computer project/Programacion del proyecto/FPGA Programming/Processor16Bits/Processor-16Bits/CPU/CPU_Platform/cpu.vhd Line: 910
Info (10041): Inferred latch for "EAB[29]" at cpu.vhd(910) File: C:/Users/pabri/Desktop/Electronica/16Bit computer project/Programacion del proyecto/FPGA Programming/Processor16Bits/Processor-16Bits/CPU/CPU_Platform/cpu.vhd Line: 910
Info (10041): Inferred latch for "EAB[30]" at cpu.vhd(910) File: C:/Users/pabri/Desktop/Electronica/16Bit computer project/Programacion del proyecto/FPGA Programming/Processor16Bits/Processor-16Bits/CPU/CPU_Platform/cpu.vhd Line: 910
Info (10041): Inferred latch for "EAB[31]" at cpu.vhd(910) File: C:/Users/pabri/Desktop/Electronica/16Bit computer project/Programacion del proyecto/FPGA Programming/Processor16Bits/Processor-16Bits/CPU/CPU_Platform/cpu.vhd Line: 910
Info (12128): Elaborating entity "MCode" for hierarchy "MCode:MicroCode" File: C:/Users/pabri/Desktop/Electronica/16Bit computer project/Programacion del proyecto/FPGA Programming/Processor16Bits/Processor-16Bits/CPU/CPU_Platform/cpu.vhd Line: 500
Warning (10541): VHDL Signal Declaration warning at MCode.vhd(61): used implicit default value for signal "Ae_in" because signal was never assigned a value or an explicit default value. Use of implicit default value may introduce unintended design optimizations. File: C:/Users/pabri/Desktop/Electronica/16Bit computer project/Programacion del proyecto/FPGA Programming/Processor16Bits/Processor-16Bits/CPU/CPU_Platform/MCode.vhd Line: 61
Warning (10541): VHDL Signal Declaration warning at MCode.vhd(65): used implicit default value for signal "Be_in" because signal was never assigned a value or an explicit default value. Use of implicit default value may introduce unintended design optimizations. File: C:/Users/pabri/Desktop/Electronica/16Bit computer project/Programacion del proyecto/FPGA Programming/Processor16Bits/Processor-16Bits/CPU/CPU_Platform/MCode.vhd Line: 65
Warning (10631): VHDL Process Statement warning at MCode.vhd(126): inferring latch(es) for signal or variable "ALUOp", which holds its previous value in one or more paths through the process File: C:/Users/pabri/Desktop/Electronica/16Bit computer project/Programacion del proyecto/FPGA Programming/Processor16Bits/Processor-16Bits/CPU/CPU_Platform/MCode.vhd Line: 126
Warning (10631): VHDL Process Statement warning at MCode.vhd(126): inferring latch(es) for signal or variable "ALUOpL", which holds its previous value in one or more paths through the process File: C:/Users/pabri/Desktop/Electronica/16Bit computer project/Programacion del proyecto/FPGA Programming/Processor16Bits/Processor-16Bits/CPU/CPU_Platform/MCode.vhd Line: 126
Info (10041): Inferred latch for "ALUOpL" at MCode.vhd(126) File: C:/Users/pabri/Desktop/Electronica/16Bit computer project/Programacion del proyecto/FPGA Programming/Processor16Bits/Processor-16Bits/CPU/CPU_Platform/MCode.vhd Line: 126
Info (10041): Inferred latch for "ALUOp[0]" at MCode.vhd(126) File: C:/Users/pabri/Desktop/Electronica/16Bit computer project/Programacion del proyecto/FPGA Programming/Processor16Bits/Processor-16Bits/CPU/CPU_Platform/MCode.vhd Line: 126
Info (10041): Inferred latch for "ALUOp[1]" at MCode.vhd(126) File: C:/Users/pabri/Desktop/Electronica/16Bit computer project/Programacion del proyecto/FPGA Programming/Processor16Bits/Processor-16Bits/CPU/CPU_Platform/MCode.vhd Line: 126
Info (10041): Inferred latch for "ALUOp[2]" at MCode.vhd(126) File: C:/Users/pabri/Desktop/Electronica/16Bit computer project/Programacion del proyecto/FPGA Programming/Processor16Bits/Processor-16Bits/CPU/CPU_Platform/MCode.vhd Line: 126
Info (10041): Inferred latch for "ALUOp[3]" at MCode.vhd(126) File: C:/Users/pabri/Desktop/Electronica/16Bit computer project/Programacion del proyecto/FPGA Programming/Processor16Bits/Processor-16Bits/CPU/CPU_Platform/MCode.vhd Line: 126
Info (12128): Elaborating entity "ALU" for hierarchy "ALU:ArithmeticLogicUnit" File: C:/Users/pabri/Desktop/Electronica/16Bit computer project/Programacion del proyecto/FPGA Programming/Processor16Bits/Processor-16Bits/CPU/CPU_Platform/cpu.vhd Line: 573
Warning (10492): VHDL Process Statement warning at ALU.vhd(165): signal "ADC_Q" is read inside the Process Statement but isn't in the Process Statement's sensitivity list File: C:/Users/pabri/Desktop/Electronica/16Bit computer project/Programacion del proyecto/FPGA Programming/Processor16Bits/Processor-16Bits/CPU/CPU_Platform/ALU.vhd Line: 165
Warning (10492): VHDL Process Statement warning at ALU.vhd(246): signal "SBC_Q" is read inside the Process Statement but isn't in the Process Statement's sensitivity list File: C:/Users/pabri/Desktop/Electronica/16Bit computer project/Programacion del proyecto/FPGA Programming/Processor16Bits/Processor-16Bits/CPU/CPU_Platform/ALU.vhd Line: 246
Warning (13039): The following bidirectional pins have no drivers
    Warning (13040): bidirectional pin "Data[0]" has no driver File: C:/Users/pabri/Desktop/Electronica/16Bit computer project/Programacion del proyecto/FPGA Programming/Processor16Bits/Processor-16Bits/CPU/CPU_Platform/cpu.vhd Line: 92
    Warning (13040): bidirectional pin "Data[1]" has no driver File: C:/Users/pabri/Desktop/Electronica/16Bit computer project/Programacion del proyecto/FPGA Programming/Processor16Bits/Processor-16Bits/CPU/CPU_Platform/cpu.vhd Line: 92
    Warning (13040): bidirectional pin "Data[2]" has no driver File: C:/Users/pabri/Desktop/Electronica/16Bit computer project/Programacion del proyecto/FPGA Programming/Processor16Bits/Processor-16Bits/CPU/CPU_Platform/cpu.vhd Line: 92
    Warning (13040): bidirectional pin "Data[3]" has no driver File: C:/Users/pabri/Desktop/Electronica/16Bit computer project/Programacion del proyecto/FPGA Programming/Processor16Bits/Processor-16Bits/CPU/CPU_Platform/cpu.vhd Line: 92
    Warning (13040): bidirectional pin "Data[4]" has no driver File: C:/Users/pabri/Desktop/Electronica/16Bit computer project/Programacion del proyecto/FPGA Programming/Processor16Bits/Processor-16Bits/CPU/CPU_Platform/cpu.vhd Line: 92
    Warning (13040): bidirectional pin "Data[5]" has no driver File: C:/Users/pabri/Desktop/Electronica/16Bit computer project/Programacion del proyecto/FPGA Programming/Processor16Bits/Processor-16Bits/CPU/CPU_Platform/cpu.vhd Line: 92
    Warning (13040): bidirectional pin "Data[6]" has no driver File: C:/Users/pabri/Desktop/Electronica/16Bit computer project/Programacion del proyecto/FPGA Programming/Processor16Bits/Processor-16Bits/CPU/CPU_Platform/cpu.vhd Line: 92
    Warning (13040): bidirectional pin "Data[7]" has no driver File: C:/Users/pabri/Desktop/Electronica/16Bit computer project/Programacion del proyecto/FPGA Programming/Processor16Bits/Processor-16Bits/CPU/CPU_Platform/cpu.vhd Line: 92
    Warning (13040): bidirectional pin "Data[8]" has no driver File: C:/Users/pabri/Desktop/Electronica/16Bit computer project/Programacion del proyecto/FPGA Programming/Processor16Bits/Processor-16Bits/CPU/CPU_Platform/cpu.vhd Line: 92
    Warning (13040): bidirectional pin "Data[9]" has no driver File: C:/Users/pabri/Desktop/Electronica/16Bit computer project/Programacion del proyecto/FPGA Programming/Processor16Bits/Processor-16Bits/CPU/CPU_Platform/cpu.vhd Line: 92
    Warning (13040): bidirectional pin "Data[10]" has no driver File: C:/Users/pabri/Desktop/Electronica/16Bit computer project/Programacion del proyecto/FPGA Programming/Processor16Bits/Processor-16Bits/CPU/CPU_Platform/cpu.vhd Line: 92
    Warning (13040): bidirectional pin "Data[11]" has no driver File: C:/Users/pabri/Desktop/Electronica/16Bit computer project/Programacion del proyecto/FPGA Programming/Processor16Bits/Processor-16Bits/CPU/CPU_Platform/cpu.vhd Line: 92
    Warning (13040): bidirectional pin "Data[12]" has no driver File: C:/Users/pabri/Desktop/Electronica/16Bit computer project/Programacion del proyecto/FPGA Programming/Processor16Bits/Processor-16Bits/CPU/CPU_Platform/cpu.vhd Line: 92
    Warning (13040): bidirectional pin "Data[13]" has no driver File: C:/Users/pabri/Desktop/Electronica/16Bit computer project/Programacion del proyecto/FPGA Programming/Processor16Bits/Processor-16Bits/CPU/CPU_Platform/cpu.vhd Line: 92
    Warning (13040): bidirectional pin "Data[14]" has no driver File: C:/Users/pabri/Desktop/Electronica/16Bit computer project/Programacion del proyecto/FPGA Programming/Processor16Bits/Processor-16Bits/CPU/CPU_Platform/cpu.vhd Line: 92
    Warning (13040): bidirectional pin "Data[15]" has no driver File: C:/Users/pabri/Desktop/Electronica/16Bit computer project/Programacion del proyecto/FPGA Programming/Processor16Bits/Processor-16Bits/CPU/CPU_Platform/cpu.vhd Line: 92
Info (13000): Registers with preset signals will power-up high File: C:/Users/pabri/Desktop/Electronica/16Bit computer project/Programacion del proyecto/FPGA Programming/Processor16Bits/Processor-16Bits/CPU/CPU_Platform/cpu.vhd Line: 316
Info (13003): DEV_CLRn pin will set, and not reset, register with preset signal due to NOT Gate Push-Back
Warning (13024): Output pins are stuck at VCC or GND
    Warning (13410): Pin "RW" is stuck at GND File: C:/Users/pabri/Desktop/Electronica/16Bit computer project/Programacion del proyecto/FPGA Programming/Processor16Bits/Processor-16Bits/CPU/CPU_Platform/cpu.vhd Line: 88
Info (286030): Timing-Driven Synthesis is running
Info (17049): 583 registers lost all their fanouts during netlist optimizations.
Info (16010): Generating hard_block partition "hard_block:auto_generated_inst"
    Info (16011): Adding 0 node(s), including 0 DDIO, 0 PLL, 0 transceiver and 0 LCELL
Info (21057): Implemented 191 device resources after synthesis - the final resource count might be different
    Info (21058): Implemented 7 input pins
    Info (21059): Implemented 50 output pins
    Info (21060): Implemented 16 bidirectional pins
    Info (21061): Implemented 118 logic cells
Info: Quartus Prime Analysis & Synthesis was successful. 0 errors, 31 warnings
    Info: Peak virtual memory: 4780 megabytes
    Info: Processing ended: Thu Oct 15 00:56:10 2020
    Info: Elapsed time: 00:00:24
    Info: Total CPU time (on all processors): 00:00:39


